[2025-07-02T16:57:34.261Z] INFO: GET /api/patient/Check
[2025-07-02T17:06:10.385Z] INFO: GET /api/patient/Check
[2025-07-02T17:07:01.380Z] INFO: GET /api/patient/Check
[2025-07-02T17:07:03.583Z] INFO: GET /api/patient/Check
[2025-07-02T17:07:09.880Z] INFO: GET /api/patient/Check
[2025-07-02T17:07:10.959Z] INFO: GET /api/patient/Check
[2025-07-02T17:07:12.399Z] INFO: GET /api/patient/Check
[2025-07-02T17:08:21.988Z] INFO: GET /api/patient/GetVisit
[2025-07-02T17:09:00.371Z] INFO: GET /api/patient/GetVisit/
[2025-07-02T17:09:14.394Z] INFO: GET /api/patient/GetVisit/
[2025-07-02T17:09:19.876Z] INFO: GET /api/patient/GetVisit
[2025-07-02T17:09:30.479Z] INFO: GET /api/patient/Check
[2025-07-02T17:23:51.599Z] INFO: GET /api/patient/Check
[2025-07-02T17:23:54.245Z] INFO: GET /api/patient/Check
[2025-07-02T17:23:55.656Z] INFO: GET /api/patient/Check
[2025-07-02T17:23:56.555Z] INFO: GET /api/patient/Check
[2025-07-02T17:23:57.422Z] INFO: GET /api/patient/Check
[2025-07-02T17:23:59.787Z] INFO: GET /api/patient/GetVisit
[2025-07-02T17:24:04.245Z] INFO: GET /api/patient/GetVisit
[2025-07-02T17:24:14.873Z] INFO: GET /api/patient/GetVisit
[2025-07-02T17:24:23.517Z] INFO: GET /api/patient/GetVisit/2008c70f-07b7-417d-9c33-840ff55835c0
[2025-07-02T17:24:40.304Z] INFO: GET /api/patient/GetVisit/%222008c70f-07b7-417d-9c33-840ff55835c0%22
[2025-07-02T17:24:46.969Z] INFO: GET /api/patient/GetVisit/
[2025-07-02T17:25:24.246Z] INFO: GET /api/patient/GetVisit/
[2025-07-02T17:26:23.618Z] INFO: POST /api/patient/GetVisit/
[2025-07-02T17:26:27.889Z] INFO: GET /api/patient/GetVisit/
[2025-07-02T17:28:03.025Z] INFO: GET /api/patient/GetVisit/11111111-1111-1111-1111-111111111111
[2025-07-02T17:28:11.507Z] INFO: GET /api/patient/GetVisit/6da12497-e246-4e26-b656-c286134197e4
[2025-07-02T17:28:56.782Z] INFO: POST /api/patient/CreateVisit
[2025-07-02T17:54:08.407Z] INFO: GET /api/patient/GetVisit/6da12497-e246-4e26-b656-c286134197e4
[2025-07-02T17:54:12.343Z] INFO: POST /api/patient/CreateVisit
[2025-07-02T17:54:43.412Z] INFO: GET /api/patient/GetVisit/c594cdad-b2e3-427e-a93d-77520a7ae6bb
[2025-07-02T17:56:42.512Z] INFO: GET /products
[2025-07-02T17:56:48.076Z] INFO: GET /
[2025-07-02T17:57:03.432Z] INFO: GET /api/patient/Check
[2025-07-02T17:57:03.496Z] INFO: GET /favicon.ico
[2025-07-03T07:39:37.442Z] INFO: GET /api/patient/Check
[2025-07-03T07:40:09.627Z] INFO: GET /api/patient/Check
[2025-07-03T07:40:11.608Z] INFO: GET /api/patient/Check
[2025-07-03T07:40:24.164Z] INFO: GET /api/patient/Check
[2025-07-03T07:40:35.363Z] INFO: GET /api/patient/Chec
[2025-07-03T07:40:39.896Z] INFO: GET /api/patient/Check
[2025-07-03T07:46:34.321Z] INFO: GET /api/patient/Check
[2025-07-03T08:05:28.958Z] INFO: GET /api/patient/Check
[2025-07-03T08:11:02.027Z] INFO: GET /api/patient/Check
[2025-07-03T08:11:05.288Z] INFO: GET /api/patient/GetVisit/c594cdad-b2e3-427e-a93d-77520a7ae6bb
[2025-07-03T08:11:12.921Z] INFO: GET /api/patient/GetVisit/c594cdad-b2e3-427e-a93d-77520a7ae6bb
[2025-07-03T08:14:02.671Z] INFO: GET /api/patient/Check
[2025-07-03T08:14:04.683Z] INFO: GET /api/patient/Check
[2025-07-03T08:14:08.993Z] INFO: GET /api/patient/GetVisit/c594cdad-b2e3-427e-a93d-77520a7ae6bb
[2025-07-03T08:14:19.397Z] INFO: GET /api/patient/Chec
[2025-07-03T08:14:22.400Z] INFO: GET /api/patient/Check
